// Jest Snapshot v1, https://goo.gl/fbAQLP

exports[`should render expense list item correctly 1`] = `
<div>
  <[object Object]
    to="/edit/2"
  >
    <h3>
      Gum
    </h3>
  </[object Object]>
  <p>
    1200
     - 
    -345600000
  </p>
</div>
`;
