// Jest Snapshot v1, https://goo.gl/fbAQLP

exports[`should render expense list with empty message 1`] = `
<div>
  <p>
    No expenses
  </p>
</div>
`;

exports[`should render expense list with expenses 1`] = `
<div>
  <ExpenseListItem
    amount={500}
    createdAt={0}
    description="Water Bill"
    id="1"
    key="1"
  />
  <ExpenseListItem
    amount={1200}
    createdAt={-345600000}
    description="Gum"
    id="2"
    key="2"
  />
  <ExpenseListItem
    amount={45000}
    createdAt={345600000}
    description="Rent"
    id="3"
    key="3"
  />
</div>
`;
